<?xml version='1.0' encoding='UTF-8'?>
<testsuites tests="64" failures="19" errors="0" skipped="0" time="63.254"><testsuite name="Root Suite" timestamp="2023-08-17T13:09:50" tests="0" file="cypress/e2e/Achats/Validations.cy.js" time="0" failures="0" errors="0" skipped="0">
  </testsuite>
  <testsuite name="Validations" timestamp="2023-08-17T13:09:50" tests="5" time="5.811" failures="0" errors="0" skipped="0">
    <testcase name="Validations Invoices Validations Summary" time="2.208" classname="Invoices Validations Summary">
    </testcase>
    <testcase name="Validations Get a list of invoices validations" time="0.732" classname="Get a list of invoices validations">
    </testcase>
    <testcase name="Validations Export validations Excel" time="0.993" classname="Export validations Excel">
    </testcase>
    <testcase name="Validations Export validations CSV COMMA" time="0.927" classname="Export validations CSV COMMA">
    </testcase>
    <testcase name="Validations Export validations CSV SEMICOLON" time="0.951" classname="Export validations CSV SEMICOLON">
    </testcase>
  </testsuite>
<testsuite name="Root Suite" timestamp="2023-08-17T13:09:59" tests="0" file="cypress/e2e/Ventes/Clients.cy.js" time="0" failures="0" errors="0" skipped="0">
  </testsuite>
  <testsuite name="Clients" timestamp="2023-08-17T13:09:59" tests="9" time="10.912" failures="3" errors="0" skipped="0">
    <testcase name="Clients Get_ExportClients_Excel Separtor COMMA 200" time="0.000" classname="Get_ExportClients_Excel Separtor COMMA 200">
      <failure message="`cy.request()` timed out waiting `30000ms` for a response from your server.  The request we sent was:  Method: GET URL: https://recette-int-qa.facilia.com/companies/2/clients/export?companyId=2&amp;exportFile%5Btype%5D=CSV&amp;exportFile%5Bseparator%5D=COMMA  No response was received within the timeout.  https://on.cypress.io/request" type="CypressError">CypressError: `cy.request()` timed out waiting `30000ms` for a response from your server.

The request we sent was:

Method: GET
URL: https://recette-int-qa.facilia.com/companies/2/clients/export?companyId=2&amp;exportFile%5Btype%5D=CSV&amp;exportFile%5Bseparator%5D=COMMA

No response was received within the timeout.

https://on.cypress.io/request
    at &lt;unknown&gt; (http://localhost:35761/__cypress/runner/cypress_runner.js:132377:70)
    at tryCatcher (http://localhost:35761/__cypress/runner/cypress_runner.js:1807:23)
    at &lt;unknown&gt; (http://localhost:35761/__cypress/runner/cypress_runner.js:4186:41)
    at tryCatcher (http://localhost:35761/__cypress/runner/cypress_runner.js:1807:23)
    at Promise._settlePromiseFromHandler (http://localhost:35761/__cypress/runner/cypress_runner.js:1519:31)
    at Promise._settlePromise (http://localhost:35761/__cypress/runner/cypress_runner.js:1576:18)
    at Promise._settlePromise0 (http://localhost:35761/__cypress/runner/cypress_runner.js:1621:10)
    at Promise._settlePromises (http://localhost:35761/__cypress/runner/cypress_runner.js:1697:18)
    at _drainQueueStep (http://localhost:35761/__cypress/runner/cypress_runner.js:2407:12)
    at _drainQueue (http://localhost:35761/__cypress/runner/cypress_runner.js:2400:9)
    at Async._drainQueues (http://localhost:35761/__cypress/runner/cypress_runner.js:2416:5)
    at Async.drainQueues (http://localhost:35761/__cypress/runner/cypress_runner.js:2286:14)
From Your Spec Code:
    at Context.ee (webpack://api/./node_modules/cypress-plugin-api/dist/support.js:14:2002)</failure>
    </testcase>
    <testcase name="Clients Get_ExportClients_Excel 200" time="0.000" classname="Get_ExportClients_Excel 200">
      <failure message="`cy.request()` timed out waiting `30000ms` for a response from your server.  The request we sent was:  Method: GET URL: https://recette-int-qa.facilia.com/companies/2/clients/export?companyId=2&amp;exportFile%5Btype%5D=EXCEL  No response was received within the timeout.  https://on.cypress.io/request" type="CypressError">CypressError: `cy.request()` timed out waiting `30000ms` for a response from your server.

The request we sent was:

Method: GET
URL: https://recette-int-qa.facilia.com/companies/2/clients/export?companyId=2&amp;exportFile%5Btype%5D=EXCEL

No response was received within the timeout.

https://on.cypress.io/request
    at &lt;unknown&gt; (http://localhost:35761/__cypress/runner/cypress_runner.js:132377:70)
    at tryCatcher (http://localhost:35761/__cypress/runner/cypress_runner.js:1807:23)
    at &lt;unknown&gt; (http://localhost:35761/__cypress/runner/cypress_runner.js:4186:41)
    at tryCatcher (http://localhost:35761/__cypress/runner/cypress_runner.js:1807:23)
    at Promise._settlePromiseFromHandler (http://localhost:35761/__cypress/runner/cypress_runner.js:1519:31)
    at Promise._settlePromise (http://localhost:35761/__cypress/runner/cypress_runner.js:1576:18)
    at Promise._settlePromise0 (http://localhost:35761/__cypress/runner/cypress_runner.js:1621:10)
    at Promise._settlePromises (http://localhost:35761/__cypress/runner/cypress_runner.js:1697:18)
    at _drainQueueStep (http://localhost:35761/__cypress/runner/cypress_runner.js:2407:12)
    at _drainQueue (http://localhost:35761/__cypress/runner/cypress_runner.js:2400:9)
    at Async._drainQueues (http://localhost:35761/__cypress/runner/cypress_runner.js:2416:5)
    at Async.drainQueues (http://localhost:35761/__cypress/runner/cypress_runner.js:2286:14)
From Your Spec Code:
    at Context.ee (webpack://api/./node_modules/cypress-plugin-api/dist/support.js:14:2002)</failure>
    </testcase>
    <testcase name="Clients Get_ExportClients_Excel exportFile 403" time="0.000" classname="Get_ExportClients_Excel exportFile 403">
      <failure message="`cy.request()` timed out waiting `30000ms` for a response from your server.  The request we sent was:  Method: GET URL: https://recette-int-qa.facilia.com/companies/2/clients/export?companyId=2&amp;exportFile%5Btype%5D=CSV&amp;exportFile%5Bseparator%5D=  No response was received within the timeout.  https://on.cypress.io/request" type="CypressError">CypressError: `cy.request()` timed out waiting `30000ms` for a response from your server.

The request we sent was:

Method: GET
URL: https://recette-int-qa.facilia.com/companies/2/clients/export?companyId=2&amp;exportFile%5Btype%5D=CSV&amp;exportFile%5Bseparator%5D=

No response was received within the timeout.

https://on.cypress.io/request
    at &lt;unknown&gt; (http://localhost:35761/__cypress/runner/cypress_runner.js:132377:70)
    at tryCatcher (http://localhost:35761/__cypress/runner/cypress_runner.js:1807:23)
    at &lt;unknown&gt; (http://localhost:35761/__cypress/runner/cypress_runner.js:4186:41)
    at tryCatcher (http://localhost:35761/__cypress/runner/cypress_runner.js:1807:23)
    at Promise._settlePromiseFromHandler (http://localhost:35761/__cypress/runner/cypress_runner.js:1519:31)
    at Promise._settlePromise (http://localhost:35761/__cypress/runner/cypress_runner.js:1576:18)
    at Promise._settlePromise0 (http://localhost:35761/__cypress/runner/cypress_runner.js:1621:10)
    at Promise._settlePromises (http://localhost:35761/__cypress/runner/cypress_runner.js:1697:18)
    at _drainQueueStep (http://localhost:35761/__cypress/runner/cypress_runner.js:2407:12)
    at _drainQueue (http://localhost:35761/__cypress/runner/cypress_runner.js:2400:9)
    at Async._drainQueues (http://localhost:35761/__cypress/runner/cypress_runner.js:2416:5)
    at Async.drainQueues (http://localhost:35761/__cypress/runner/cypress_runner.js:2286:14)
From Your Spec Code:
    at Context.ee (webpack://api/./node_modules/cypress-plugin-api/dist/support.js:14:2002)</failure>
    </testcase>
    <testcase name="Clients Client registration France 201" time="4.063" classname="Client registration France 201">
    </testcase>
    <testcase name="Clients Client registration without_contact_email" time="0.829" classname="Client registration without_contact_email">
    </testcase>
    <testcase name="Clients Client registration without_contact_city" time="0.810" classname="Client registration without_contact_city">
    </testcase>
    <testcase name="Clients Client registration Clients_TOKEN_NOK" time="0.828" classname="Client registration Clients_TOKEN_NOK">
    </testcase>
    <testcase name="Clients Get_Client " time="3.397" classname="Get_Client ">
    </testcase>
    <testcase name="Clients Get_Client List " time="0.985" classname="Get_Client List ">
    </testcase>
  </testsuite>
<testsuite name="Root Suite" timestamp="2023-08-17T13:09:06" tests="0" file="cypress/e2e/Achats/SiretDataBase.cy.js" time="0" failures="0" errors="0" skipped="0">
  </testsuite>
  <testsuite name="Suppliers" timestamp="2023-08-17T13:09:06" tests="1" time="2.346" failures="0" errors="0" skipped="0">
    <testcase name="Suppliers Get data about the siret" time="2.346" classname="Get data about the siret">
    </testcase>
  </testsuite>
<testsuite name="Root Suite" timestamp="2023-08-17T13:09:11" tests="0" file="cypress/e2e/Achats/SupplierFamiliesMetrics.cy.js" time="0" failures="0" errors="0" skipped="0">
  </testsuite>
  <testsuite name="Suppliers Metrics" timestamp="2023-08-17T13:09:11" tests="6" time="0.0" failures="6" errors="0" skipped="0">
    <testcase name="Suppliers Metrics Get total amount of invoices of the suppliers belonging to a given family by exercise month" time="0.000" classname="Get total amount of invoices of the suppliers belonging to a given family by exercise month">
      <failure message="expected 404 to equal 200" type="AssertionError">AssertionError: expected 404 to equal 200
    at Context.eval (webpack://api/./cypress/e2e/Achats/SupplierFamiliesMetrics.cy.js:39:35)

      + expected - actual

      -404
      +200
      </failure>
    </testcase>
    <testcase name="Suppliers Metrics Get total amount of invoices of the suppliers belonging to a given family by exercise year" time="0.000" classname="Get total amount of invoices of the suppliers belonging to a given family by exercise year">
      <failure message="expected 404 to equal 200" type="AssertionError">AssertionError: expected 404 to equal 200
    at Context.eval (webpack://api/./cypress/e2e/Achats/SupplierFamiliesMetrics.cy.js:59:35)

      + expected - actual

      -404
      +200
      </failure>
    </testcase>
    <testcase name="Suppliers Metrics Get total amount of invoices of the suppliers belonging to a given family by exercise year" time="0.000" classname="Get total amount of invoices of the suppliers belonging to a given family by exercise year">
      <failure message="expected 404 to equal 200" type="AssertionError">AssertionError: expected 404 to equal 200
    at Context.eval (webpack://api/./cypress/e2e/Achats/SupplierFamiliesMetrics.cy.js:73:35)

      + expected - actual

      -404
      +200
      </failure>
    </testcase>
    <testcase name="Suppliers Metrics Get total amount of invoices of the suppliers belonging to a given family by civil year (monthly)" time="0.000" classname="Get total amount of invoices of the suppliers belonging to a given family by civil year (monthly)">
      <failure message="expected 404 to equal 200" type="AssertionError">AssertionError: expected 404 to equal 200
    at Context.eval (webpack://api/./cypress/e2e/Achats/SupplierFamiliesMetrics.cy.js:87:35)

      + expected - actual

      -404
      +200
      </failure>
    </testcase>
    <testcase name="Suppliers Metrics Get total amount of invoices of the suppliers belonging to a given family by civil year (January 1st to December 31st)" time="0.000" classname="Get total amount of invoices of the suppliers belonging to a given family by civil year (January 1st to December 31st)">
      <failure message="expected 404 to equal 200" type="AssertionError">AssertionError: expected 404 to equal 200
    at Context.eval (webpack://api/./cypress/e2e/Achats/SupplierFamiliesMetrics.cy.js:100:35)

      + expected - actual

      -404
      +200
      </failure>
    </testcase>
    <testcase name="Suppliers Metrics Get total amount of invoices of the suppliers belonging to a given family for the last 12 months" time="0.000" classname="Get total amount of invoices of the suppliers belonging to a given family for the last 12 months">
      <failure message="expected 404 to equal 200" type="AssertionError">AssertionError: expected 404 to equal 200
    at Context.eval (webpack://api/./cypress/e2e/Achats/SupplierFamiliesMetrics.cy.js:112:35)

      + expected - actual

      -404
      +200
      </failure>
    </testcase>
  </testsuite>
<testsuite name="Root Suite" timestamp="2023-08-17T13:09:02" tests="0" file="cypress/e2e/Achats/PurchasesPayment.cy.js" time="0" failures="0" errors="0" skipped="0">
  </testsuite>
  <testsuite name="Purchases Payment" timestamp="2023-08-17T13:09:02" tests="1" time="0.0" failures="1" errors="0" skipped="0">
    <testcase name="Purchases Payment Get a list of payments" time="0.000" classname="Get a list of payments">
      <failure message="expected 500 to equal 200" type="AssertionError">AssertionError: expected 500 to equal 200
    at Context.eval (webpack://api/./cypress/e2e/Achats/PurchasesPayment.cy.js:39:35)

      + expected - actual

      -500
      +200
      </failure>
    </testcase>
  </testsuite>
<testsuite name="Root Suite" timestamp="2023-08-17T13:12:07" tests="0" file="cypress/e2e/Ventes/ValueRange.cy.js" time="0" failures="0" errors="0" skipped="0">
  </testsuite>
  <testsuite name="Countries" timestamp="2023-08-17T13:12:07" tests="7" time="6.146" failures="0" errors="0" skipped="0">
    <testcase name="Countries Get Value Range Quotes AMOUNT_TTC" time="2.998" classname="Get Value Range Quotes AMOUNT_TTC">
    </testcase>
    <testcase name="Countries Get Value Range INVOICES AMOUNT_TTC" time="0.926" classname="Get Value Range INVOICES AMOUNT_TTC">
    </testcase>
    <testcase name="Countries Get Value Range ARTICLES AMOUNT_TTC" time="1.038" classname="Get Value Range ARTICLES AMOUNT_TTC">
    </testcase>
    <testcase name="Countries Get Value Range CHECKS AMOUNT_TTC" time="0.302" classname="Get Value Range CHECKS AMOUNT_TTC">
    </testcase>
    <testcase name="Countries Get Value Range ARTICLE_FAMILIES ARTICLES_QTY" time="0.295" classname="Get Value Range ARTICLE_FAMILIES ARTICLES_QTY">
    </testcase>
    <testcase name="Countries Get Value Range CLIENT_FAMILIES ARTICLE CLIENTS_QTY" time="0.293" classname="Get Value Range CLIENT_FAMILIES ARTICLE CLIENTS_QTY">
    </testcase>
    <testcase name="Countries Get Value Range RECURRENCES  AMOUNT_TTC" time="0.294" classname="Get Value Range RECURRENCES  AMOUNT_TTC">
    </testcase>
  </testsuite>
<testsuite name="Root Suite" timestamp="2023-08-17T13:08:58" tests="0" file="cypress/e2e/Achats/InvoicesMetrics.cy.js" time="0" failures="0" errors="0" skipped="0">
  </testsuite>
  <testsuite name="Suppliers" timestamp="2023-08-17T13:08:58" tests="1" time="0.0" failures="1" errors="0" skipped="0">
    <testcase name="Suppliers Get a current invoices stats" time="0.000" classname="Get a current invoices stats">
      <failure message="expected 404 to equal 200" type="AssertionError">AssertionError: expected 404 to equal 200
    at Context.eval (webpack://api/./cypress/e2e/Achats/InvoicesMetrics.cy.js:38:35)

      + expected - actual

      -404
      +200
      </failure>
    </testcase>
  </testsuite>
<testsuite name="Root Suite" timestamp="2023-08-17T13:12:00" tests="0" file="cypress/e2e/Ventes/TaskManagement.cy.js" time="0" failures="0" errors="0" skipped="0">
  </testsuite>
  <testsuite name="Sales" timestamp="2023-08-17T13:12:00" tests="1" time="4.559" failures="0" errors="0" skipped="0">
    <testcase name="Sales Get Task Management" time="4.559" classname="Get Task Management">
    </testcase>
  </testsuite>
<testsuite name="Root Suite" timestamp="2023-08-17T13:09:17" tests="0" file="cypress/e2e/Achats/SupplierFamily.cy.js" time="0" failures="0" errors="0" skipped="0">
  </testsuite>
  <testsuite name="Suppliers Family" timestamp="2023-08-17T13:09:17" tests="5" time="4.576" failures="2" errors="0" skipped="0">
    <testcase name="Suppliers Family Post Supplier Family 201" time="3.260" classname="Post Supplier Family 201">
    </testcase>
    <testcase name="Suppliers Family Get Supplier Family  200" time="0.000" classname="Get Supplier Family  200">
      <failure message="expected 405 to equal 200" type="AssertionError">AssertionError: expected 405 to equal 200
    at Context.eval (webpack://api/./cypress/e2e/Achats/SupplierFamily.cy.js:52:43)

      + expected - actual

      -405
      +200
      </failure>
    </testcase>
    <testcase name="Suppliers Family Get List Supplier Family 200" time="0.316" classname="Get List Supplier Family 200">
    </testcase>
    <testcase name="Suppliers Family Get Export Supplier Family 200" time="0.000" classname="Get Export Supplier Family 200">
      <failure message="expected 405 to equal 200" type="AssertionError">AssertionError: expected 405 to equal 200
    at Context.eval (webpack://api/./cypress/e2e/Achats/SupplierFamily.cy.js:80:39)

      + expected - actual

      -405
      +200
      </failure>
    </testcase>
    <testcase name="Suppliers Family Delete  Supplier Family 200" time="1.000" classname="Delete  Supplier Family 200">
    </testcase>
  </testsuite>
<testsuite name="Root Suite" timestamp="2023-08-17T13:09:24" tests="0" file="cypress/e2e/Achats/Suppliers.cy.js" time="0" failures="0" errors="0" skipped="0">
  </testsuite>
  <testsuite name="Suppliers" timestamp="2023-08-17T13:09:24" tests="5" time="5.489" failures="0" errors="0" skipped="0">
    <testcase name="Suppliers Get Suppliers " time="2.255" classname="Get Suppliers ">
    </testcase>
    <testcase name="Suppliers Get Export a Supplier " time="0.316" classname="Get Export a Supplier ">
    </testcase>
    <testcase name="Suppliers Post Supplier 201" time="1.006" classname="Post Supplier 201">
    </testcase>
    <testcase name="Suppliers Get a Supplier List" time="0.921" classname="Get a Supplier List">
    </testcase>
    <testcase name="Suppliers Delete Supplier 201" time="0.991" classname="Delete Supplier 201">
    </testcase>
  </testsuite>
  <testsuite name="Rules" timestamp="2023-08-17T13:09:30" tests="9" time="5.228" failures="0" errors="0" skipped="0">
    <testcase name="Suppliers Rules Post Supplier 400 France" time="0.315" classname="Post Supplier 400 France">
    </testcase>
    <testcase name="Suppliers Rules Post Supplier 201 France" time="0.961" classname="Post Supplier 201 France">
    </testcase>
    <testcase name="Suppliers Rules Get data about the siret" time="0.297" classname="Get data about the siret">
    </testcase>
    <testcase name="Suppliers Rules Post Supplier 201 With contacts" time="1.109" classname="Post Supplier 201 With contacts">
    </testcase>
    <testcase name="Suppliers Rules Post Supplier 201 With paymentInfo" time="1.324" classname="Post Supplier 201 With paymentInfo">
    </testcase>
    <testcase name="Suppliers Rules Post Supplier 403 Invalid Token" time="0.305" classname="Post Supplier 403 Invalid Token">
    </testcase>
    <testcase name="Suppliers Rules Post Supplier 401 Not Authorized" time="0.309" classname="Post Supplier 401 Not Authorized">
    </testcase>
    <testcase name="Suppliers Rules Post Supplier 404 Not Found" time="0.296" classname="Post Supplier 404 Not Found">
    </testcase>
    <testcase name="Suppliers Rules Post Supplier 400 Malformaed" time="0.312" classname="Post Supplier 400 Malformaed">
    </testcase>
  </testsuite>
  <testsuite name="Supplier Notes" timestamp="2023-08-17T13:09:35" tests="1" time="2.285" failures="0" errors="0" skipped="0">
    <testcase name="Supplier Notes Get Supplier Families List Notes" time="2.285" classname="Get Supplier Families List Notes">
    </testcase>
  </testsuite>
  <testsuite name="OCR" timestamp="2023-08-17T13:09:37" tests="1" time="4.52" failures="0" errors="0" skipped="0">
    <testcase name="Supplier Notes OCR Get documents references list 404" time="4.520" classname="Get documents references list 404">
    </testcase>
  </testsuite>
<testsuite name="Root Suite" timestamp="2023-08-17T13:08:50" tests="0" file="cypress/e2e/Achats/Invoices.cy.js" time="0" failures="0" errors="0" skipped="0">
  </testsuite>
  <testsuite name="Invoices" timestamp="2023-08-17T13:08:50" tests="2" time="0.303" failures="1" errors="0" skipped="0">
    <testcase name="Invoices Get a list of invoices payments" time="0.000" classname="Get a list of invoices payments">
      <failure message="expected 404 to equal 200" type="AssertionError">AssertionError: expected 404 to equal 200
    at Context.eval (webpack://api/./cypress/e2e/Achats/Invoices.cy.js:43:35)

      + expected - actual

      -404
      +200
      </failure>
    </testcase>
    <testcase name="Invoices Get Invoices Payments Summary" time="0.303" classname="Get Invoices Payments Summary">
    </testcase>
  </testsuite>
<testsuite name="Root Suite" timestamp="2023-08-17T13:11:51" tests="0" file="cypress/e2e/Ventes/DownloadImportModel.cy.js" time="0" failures="0" errors="0" skipped="0">
  </testsuite>
  <testsuite name="download-import-model" timestamp="2023-08-17T13:11:51" tests="2" time="2.584" failures="0" errors="0" skipped="0">
    <testcase name="download-import-model Get download-import-model CLIENTS" time="2.179" classname="Get download-import-model CLIENTS">
    </testcase>
    <testcase name="download-import-model Get download-import-model ARTICLES" time="0.405" classname="Get download-import-model ARTICLES">
    </testcase>
  </testsuite>
<testsuite name="Root Suite" timestamp="2023-08-17T13:12:15" tests="0" file="cypress/e2e/Ventes/Winsis_Settings.cy.js" time="0" failures="0" errors="0" skipped="0">
  </testsuite>
  <testsuite name="Sales" timestamp="2023-08-17T13:12:15" tests="1" time="3.013" failures="0" errors="0" skipped="0">
    <testcase name="Sales Get Winsis Settings" time="3.013" classname="Get Winsis Settings">
    </testcase>
  </testsuite>
<testsuite name="Root Suite" timestamp="2023-08-17T13:11:56" tests="0" file="cypress/e2e/Ventes/Invoices_LastPaid.cy.js" time="0" failures="0" errors="0" skipped="0">
  </testsuite>
  <testsuite name="Invoices Last Paid" timestamp="2023-08-17T13:11:56" tests="1" time="2.277" failures="0" errors="0" skipped="0">
    <testcase name="Invoices Last Paid Get Invoices Last Paid" time="2.277" classname="Get Invoices Last Paid">
    </testcase>
  </testsuite>
<testsuite name="Root Suite" timestamp="2023-08-17T13:09:44" tests="0" file="cypress/e2e/Achats/SuppliersMetrics.cy.js" time="0" failures="0" errors="0" skipped="0">
  </testsuite>
  <testsuite name="Suppliers Metrics" timestamp="2023-08-17T13:09:44" tests="5" time="0.0" failures="5" errors="0" skipped="0">
    <testcase name="Suppliers Metrics Get total amount of invoices associated to a supplier by exercise month" time="0.000" classname="Get total amount of invoices associated to a supplier by exercise month">
      <failure message="expected 404 to equal 200" type="AssertionError">AssertionError: expected 404 to equal 200
    at Context.eval (webpack://api/./cypress/e2e/Achats/SuppliersMetrics.cy.js:39:35)

      + expected - actual

      -404
      +200
      </failure>
    </testcase>
    <testcase name="Suppliers Metrics Get total amount of invoices associated to a supplier by exercise year" time="0.000" classname="Get total amount of invoices associated to a supplier by exercise year">
      <failure message="expected 404 to equal 200" type="AssertionError">AssertionError: expected 404 to equal 200
    at Context.eval (webpack://api/./cypress/e2e/Achats/SuppliersMetrics.cy.js:57:35)

      + expected - actual

      -404
      +200
      </failure>
    </testcase>
    <testcase name="Suppliers Metrics Get total amount of invoices associated to a supplier by civil year (monthly)" time="0.000" classname="Get total amount of invoices associated to a supplier by civil year (monthly)">
      <failure message="expected 404 to equal 200" type="AssertionError">AssertionError: expected 404 to equal 200
    at Context.eval (webpack://api/./cypress/e2e/Achats/SuppliersMetrics.cy.js:71:35)

      + expected - actual

      -404
      +200
      </failure>
    </testcase>
    <testcase name="Suppliers Metrics Get total amount of invoices associated to a supplier by civil year (January 1st to December 31st)" time="0.000" classname="Get total amount of invoices associated to a supplier by civil year (January 1st to December 31st)">
      <failure message="expected 404 to equal 200" type="AssertionError">AssertionError: expected 404 to equal 200
    at Context.eval (webpack://api/./cypress/e2e/Achats/SuppliersMetrics.cy.js:83:35)

      + expected - actual

      -404
      +200
      </failure>
    </testcase>
    <testcase name="Suppliers Metrics Get total amount of invoices of the suppliers for the last 12 months" time="0.000" classname="Get total amount of invoices of the suppliers for the last 12 months">
      <failure message="expected 404 to equal 200" type="AssertionError">AssertionError: expected 404 to equal 200
    at Context.eval (webpack://api/./cypress/e2e/Achats/SuppliersMetrics.cy.js:96:35)

      + expected - actual

      -404
      +200
      </failure>
    </testcase>
  </testsuite>
<testsuite name="Root Suite" timestamp="2023-08-17T13:11:45" tests="0" file="cypress/e2e/Ventes/Countries.cy.js" time="0" failures="0" errors="0" skipped="0">
  </testsuite>
  <testsuite name="Countries" timestamp="2023-08-17T13:11:45" tests="1" time="3.205" failures="0" errors="0" skipped="0">
    <testcase name="Countries Get Countries" time="3.205" classname="Get Countries">
    </testcase>
  </testsuite>
</testsuites>